// Jest Snapshot v1, https://goo.gl/fbAQLP

exports[`analytics _formatDataToAnalyticsBackend normal response 1`] = `
Object {
  "city": "Hastings",
  "country_code": "US",
  "href": null,
  "ip": "96.72.50.249",
  "latitude": 44.7443,
  "longitude": -92.8514,
  "region_code": "Minnesota",
  "time_zone": "ipify-06:00",
  "zip_code": "55033",
}
`;

exports[`analytics postUserVisits bad geoIpRequest 1`] = `
Object {
  "error": "could not get user IP address: Request failed with status code 500",
  "success": false,
}
`;

exports[`analytics postUserVisits normal IP 1`] = `
Object {
  "data": Object {
    "city": "Sterling",
    "country_code": "US",
    "country_name": "United States",
    "ip": "205.153.92.177",
    "latitude": 38.952701568603516,
    "longitude": -77.44322967529297,
    "metro_code": 0,
    "region_code": "VA",
    "time_zone": "",
    "visit_date": "2019-11-27T01:01:23.504356771Z",
    "zip_code": "20166",
  },
  "success": true,
}
`;
